[    3043ms] [INFO] %cDownload the React DevTools for a better development experience: https://react.dev/link/react-devtools font-weight:bold @ http://nbrs-fe.test/_next/static/chunks/node_modules_next_dist_1ybzpk2._.js:2489
[    3253ms] [ERROR] WebSocket connection to 'ws://nbrs-fe.test/_next/webpack-hmr?id=pUVEm7pwepBEtihbyYle8' failed: Error during WebSocket handshake: Unexpected response code: 403 @ http://nbrs-fe.test/_next/static/chunks/node_modules_next_dist_client_0r5nbpw._.js:13422
[    4268ms] [ERROR] WebSocket connection to 'ws://nbrs-fe.test/_next/webpack-hmr?id=pUVEm7pwepBEtihbyYle8' failed: Error during WebSocket handshake: Unexpected response code: 403 @ http://nbrs-fe.test/_next/static/chunks/node_modules_next_dist_client_0r5nbpw._.js:13422
[    5287ms] [ERROR] WebSocket connection to 'ws://nbrs-fe.test/_next/webpack-hmr?id=pUVEm7pwepBEtihbyYle8' failed: Error during WebSocket handshake: Unexpected response code: 403 @ http://nbrs-fe.test/_next/static/chunks/node_modules_next_dist_client_0r5nbpw._.js:13422
[    6310ms] [ERROR] WebSocket connection to 'ws://nbrs-fe.test/_next/webpack-hmr?id=pUVEm7pwepBEtihbyYle8' failed: Error during WebSocket handshake: Unexpected response code: 403 @ http://nbrs-fe.test/_next/static/chunks/node_modules_next_dist_client_0r5nbpw._.js:13422
[    7329ms] [ERROR] WebSocket connection to 'ws://nbrs-fe.test/_next/webpack-hmr?id=pUVEm7pwepBEtihbyYle8' failed: Error during WebSocket handshake: Unexpected response code: 403 @ http://nbrs-fe.test/_next/static/chunks/node_modules_next_dist_client_0r5nbpw._.js:13422
[    8353ms] [ERROR] WebSocket connection to 'ws://nbrs-fe.test/_next/webpack-hmr?id=pUVEm7pwepBEtihbyYle8' failed: Error during WebSocket handshake: Unexpected response code: 403 @ http://nbrs-fe.test/_next/static/chunks/node_modules_next_dist_client_0r5nbpw._.js:13422
[   13378ms] [ERROR] WebSocket connection to 'ws://nbrs-fe.test/_next/webpack-hmr?id=pUVEm7pwepBEtihbyYle8' failed: Error during WebSocket handshake: Unexpected response code: 403 @ http://nbrs-fe.test/_next/static/chunks/node_modules_next_dist_client_0r5nbpw._.js:13422
[   18412ms] [ERROR] WebSocket connection to 'ws://nbrs-fe.test/_next/webpack-hmr?id=pUVEm7pwepBEtihbyYle8' failed: Error during WebSocket handshake: Unexpected response code: 403 @ http://nbrs-fe.test/_next/static/chunks/node_modules_next_dist_client_0r5nbpw._.js:13422
[   23445ms] [ERROR] WebSocket connection to 'ws://nbrs-fe.test/_next/webpack-hmr?id=pUVEm7pwepBEtihbyYle8' failed: Error during WebSocket handshake: Unexpected response code: 403 @ http://nbrs-fe.test/_next/static/chunks/node_modules_next_dist_client_0r5nbpw._.js:13422
[   28534ms] [ERROR] WebSocket connection to 'ws://nbrs-fe.test/_next/webpack-hmr?id=pUVEm7pwepBEtihbyYle8' failed: Error during WebSocket handshake: Unexpected response code: 403 @ http://nbrs-fe.test/_next/static/chunks/node_modules_next_dist_client_0r5nbpw._.js:13422
[   33622ms] [ERROR] WebSocket connection to 'ws://nbrs-fe.test/_next/webpack-hmr?id=pUVEm7pwepBEtihbyYle8' failed: Error during WebSocket handshake: Unexpected response code: 403 @ http://nbrs-fe.test/_next/static/chunks/node_modules_next_dist_client_0r5nbpw._.js:13422
[   38805ms] [ERROR] WebSocket connection to 'ws://nbrs-fe.test/_next/webpack-hmr?id=pUVEm7pwepBEtihbyYle8' failed: Error during WebSocket handshake: Unexpected response code: 403 @ http://nbrs-fe.test/_next/static/chunks/node_modules_next_dist_client_0r5nbpw._.js:13422
[   44118ms] [ERROR] WebSocket connection to 'ws://nbrs-fe.test/_next/webpack-hmr?id=pUVEm7pwepBEtihbyYle8' failed: Error during WebSocket handshake: Unexpected response code: 403 @ http://nbrs-fe.test/_next/static/chunks/node_modules_next_dist_client_0r5nbpw._.js:13422
[   45837ms] [INFO] %cDownload the React DevTools for a better development experience: https://react.dev/link/react-devtools font-weight:bold @ http://nbrs-fe.test/_next/static/chunks/node_modules_next_dist_1ybzpk2._.js:2489
[   46454ms] [ERROR] WebSocket connection to 'ws://nbrs-fe.test/_next/webpack-hmr?id=hUs2cK_LiS5RGGQIdb0yx' failed: Error during WebSocket handshake: Unexpected response code: 403 @ http://nbrs-fe.test/_next/static/chunks/node_modules_next_dist_client_0r5nbpw._.js:13422
[   48092ms] [ERROR] WebSocket connection to 'ws://nbrs-fe.test/_next/webpack-hmr?id=hUs2cK_LiS5RGGQIdb0yx' failed: Error during WebSocket handshake: Unexpected response code: 403 @ http://nbrs-fe.test/_next/static/chunks/node_modules_next_dist_client_0r5nbpw._.js:13422
[   50120ms] [ERROR] WebSocket connection to 'ws://nbrs-fe.test/_next/webpack-hmr?id=hUs2cK_LiS5RGGQIdb0yx' failed: Error during WebSocket handshake: Unexpected response code: 403 @ http://nbrs-fe.test/_next/static/chunks/node_modules_next_dist_client_0r5nbpw._.js:13422
[   54825ms] [ERROR] WebSocket connection to 'ws://nbrs-fe.test/_next/webpack-hmr?id=hUs2cK_LiS5RGGQIdb0yx' failed: Error during WebSocket handshake: Unexpected response code: 403 @ http://nbrs-fe.test/_next/static/chunks/node_modules_next_dist_client_0r5nbpw._.js:13422
[   60113ms] [ERROR] WebSocket connection to 'ws://nbrs-fe.test/_next/webpack-hmr?id=hUs2cK_LiS5RGGQIdb0yx' failed: Error during WebSocket handshake: Unexpected response code: 403 @ http://nbrs-fe.test/_next/static/chunks/node_modules_next_dist_client_0r5nbpw._.js:13422
[   65545ms] [ERROR] WebSocket connection to 'ws://nbrs-fe.test/_next/webpack-hmr?id=hUs2cK_LiS5RGGQIdb0yx' failed: Error during WebSocket handshake: Unexpected response code: 403 @ http://nbrs-fe.test/_next/static/chunks/node_modules_next_dist_client_0r5nbpw._.js:13422
[   72781ms] [ERROR] WebSocket connection to 'ws://nbrs-fe.test/_next/webpack-hmr?id=hUs2cK_LiS5RGGQIdb0yx' failed: Error during WebSocket handshake: Unexpected response code: 403 @ http://nbrs-fe.test/_next/static/chunks/node_modules_next_dist_client_0r5nbpw._.js:13422
[   81083ms] [ERROR] WebSocket connection to 'ws://nbrs-fe.test/_next/webpack-hmr?id=hUs2cK_LiS5RGGQIdb0yx' failed: Error during WebSocket handshake: Unexpected response code: 403 @ http://nbrs-fe.test/_next/static/chunks/node_modules_next_dist_client_0r5nbpw._.js:13422
[   87304ms] [ERROR] WebSocket connection to 'ws://nbrs-fe.test/_next/webpack-hmr?id=hUs2cK_LiS5RGGQIdb0yx' failed: Error during WebSocket handshake: Unexpected response code: 403 @ http://nbrs-fe.test/_next/static/chunks/node_modules_next_dist_client_0r5nbpw._.js:13422
[   94203ms] [ERROR] WebSocket connection to 'ws://nbrs-fe.test/_next/webpack-hmr?id=hUs2cK_LiS5RGGQIdb0yx' failed: Error during WebSocket handshake: Unexpected response code: 403 @ http://nbrs-fe.test/_next/static/chunks/node_modules_next_dist_client_0r5nbpw._.js:13422
[  101303ms] [ERROR] WebSocket connection to 'ws://nbrs-fe.test/_next/webpack-hmr?id=hUs2cK_LiS5RGGQIdb0yx' failed: Error during WebSocket handshake: Unexpected response code: 403 @ http://nbrs-fe.test/_next/static/chunks/node_modules_next_dist_client_0r5nbpw._.js:13422
[  109502ms] [ERROR] WebSocket connection to 'ws://nbrs-fe.test/_next/webpack-hmr?id=hUs2cK_LiS5RGGQIdb0yx' failed: Error during WebSocket handshake: Unexpected response code: 403 @ http://nbrs-fe.test/_next/static/chunks/node_modules_next_dist_client_0r5nbpw._.js:13422
[  118173ms] [ERROR] WebSocket connection to 'ws://nbrs-fe.test/_next/webpack-hmr?id=hUs2cK_LiS5RGGQIdb0yx' failed: Error during WebSocket handshake: Unexpected response code: 403 @ http://nbrs-fe.test/_next/static/chunks/node_modules_next_dist_client_0r5nbpw._.js:13422
[  120538ms] [INFO] %cDownload the React DevTools for a better development experience: https://react.dev/link/react-devtools font-weight:bold @ http://nbrs-fe.test/_next/static/chunks/node_modules_next_dist_1ybzpk2._.js:2489
[  124458ms] [ERROR] WebSocket connection to 'ws://nbrs-fe.test/_next/webpack-hmr?id=4Q-83g85RUAPyy16Cd52K' failed: Error during WebSocket handshake: Unexpected response code: 403 @ http://nbrs-fe.test/_next/static/chunks/node_modules_next_dist_client_0r5nbpw._.js:13422
[  129710ms] [ERROR] WebSocket connection to 'ws://nbrs-fe.test/_next/webpack-hmr?id=4Q-83g85RUAPyy16Cd52K' failed: Error during WebSocket handshake: Unexpected response code: 403 @ http://nbrs-fe.test/_next/static/chunks/node_modules_next_dist_client_0r5nbpw._.js:13422
[  135516ms] [ERROR] WebSocket connection to 'ws://nbrs-fe.test/_next/webpack-hmr?id=4Q-83g85RUAPyy16Cd52K' failed: Error during WebSocket handshake: Unexpected response code: 403 @ http://nbrs-fe.test/_next/static/chunks/node_modules_next_dist_client_0r5nbpw._.js:13422
[  138733ms] [ERROR] WebSocket connection to 'ws://nbrs-fe.test/_next/webpack-hmr?id=4Q-83g85RUAPyy16Cd52K' failed: Error during WebSocket handshake: Unexpected response code: 403 @ http://nbrs-fe.test/_next/static/chunks/node_modules_next_dist_client_0r5nbpw._.js:13422
[  143233ms] [ERROR] WebSocket connection to 'ws://nbrs-fe.test/_next/webpack-hmr?id=4Q-83g85RUAPyy16Cd52K' failed: Error during WebSocket handshake: Unexpected response code: 403 @ http://nbrs-fe.test/_next/static/chunks/node_modules_next_dist_client_0r5nbpw._.js:13422
[  147287ms] [ERROR] WebSocket connection to 'ws://nbrs-fe.test/_next/webpack-hmr?id=4Q-83g85RUAPyy16Cd52K' failed: Error during WebSocket handshake: Unexpected response code: 403 @ http://nbrs-fe.test/_next/static/chunks/node_modules_next_dist_client_0r5nbpw._.js:13422
[  156647ms] [ERROR] WebSocket connection to 'ws://nbrs-fe.test/_next/webpack-hmr?id=4Q-83g85RUAPyy16Cd52K' failed: Error during WebSocket handshake: Unexpected response code: 403 @ http://nbrs-fe.test/_next/static/chunks/node_modules_next_dist_client_0r5nbpw._.js:13422
[  163184ms] [ERROR] WebSocket connection to 'ws://nbrs-fe.test/_next/webpack-hmr?id=4Q-83g85RUAPyy16Cd52K' failed: Error during WebSocket handshake: Unexpected response code: 403 @ http://nbrs-fe.test/_next/static/chunks/node_modules_next_dist_client_0r5nbpw._.js:13422
[  169853ms] [ERROR] WebSocket connection to 'ws://nbrs-fe.test/_next/webpack-hmr?id=4Q-83g85RUAPyy16Cd52K' failed: Error during WebSocket handshake: Unexpected response code: 403 @ http://nbrs-fe.test/_next/static/chunks/node_modules_next_dist_client_0r5nbpw._.js:13422
[  177218ms] [ERROR] WebSocket connection to 'ws://nbrs-fe.test/_next/webpack-hmr?id=4Q-83g85RUAPyy16Cd52K' failed: Error during WebSocket handshake: Unexpected response code: 403 @ http://nbrs-fe.test/_next/static/chunks/node_modules_next_dist_client_0r5nbpw._.js:13422
[  183780ms] [ERROR] WebSocket connection to 'ws://nbrs-fe.test/_next/webpack-hmr?id=4Q-83g85RUAPyy16Cd52K' failed: Error during WebSocket handshake: Unexpected response code: 403 @ http://nbrs-fe.test/_next/static/chunks/node_modules_next_dist_client_0r5nbpw._.js:13422
[  192710ms] [ERROR] WebSocket connection to 'ws://nbrs-fe.test/_next/webpack-hmr?id=4Q-83g85RUAPyy16Cd52K' failed: Error during WebSocket handshake: Unexpected response code: 403 @ http://nbrs-fe.test/_next/static/chunks/node_modules_next_dist_client_0r5nbpw._.js:13422
[  202216ms] [ERROR] WebSocket connection to 'ws://nbrs-fe.test/_next/webpack-hmr?id=4Q-83g85RUAPyy16Cd52K' failed: Error during WebSocket handshake: Unexpected response code: 403 @ http://nbrs-fe.test/_next/static/chunks/node_modules_next_dist_client_0r5nbpw._.js:13422
[  203169ms] [INFO] %cDownload the React DevTools for a better development experience: https://react.dev/link/react-devtools font-weight:bold @ http://nbrs-fe.test/_next/static/chunks/node_modules_next_dist_1ybzpk2._.js:2489
[  207422ms] [ERROR] WebSocket connection to 'ws://nbrs-fe.test/_next/webpack-hmr?id=CrR_K-aXncLg3Cnb6HSdk' failed: Error during WebSocket handshake: Unexpected response code: 403 @ http://nbrs-fe.test/_next/static/chunks/node_modules_next_dist_client_0r5nbpw._.js:13422
[  209533ms] [ERROR] WebSocket connection to 'ws://nbrs-fe.test/_next/webpack-hmr?id=CrR_K-aXncLg3Cnb6HSdk' failed: Error during WebSocket handshake: Unexpected response code: 403 @ http://nbrs-fe.test/_next/static/chunks/node_modules_next_dist_client_0r5nbpw._.js:13422
[  215265ms] [ERROR] WebSocket connection to 'ws://nbrs-fe.test/_next/webpack-hmr?id=CrR_K-aXncLg3Cnb6HSdk' failed: Error during WebSocket handshake: Unexpected response code: 403 @ http://nbrs-fe.test/_next/static/chunks/node_modules_next_dist_client_0r5nbpw._.js:13422
[  219962ms] [ERROR] WebSocket connection to 'ws://nbrs-fe.test/_next/webpack-hmr?id=CrR_K-aXncLg3Cnb6HSdk' failed: Error during WebSocket handshake: Unexpected response code: 403 @ http://nbrs-fe.test/_next/static/chunks/node_modules_next_dist_client_0r5nbpw._.js:13422
[  225039ms] [ERROR] WebSocket connection to 'ws://nbrs-fe.test/_next/webpack-hmr?id=CrR_K-aXncLg3Cnb6HSdk' failed: Error during WebSocket handshake: Unexpected response code: 403 @ http://nbrs-fe.test/_next/static/chunks/node_modules_next_dist_client_0r5nbpw._.js:13422
[  229343ms] [ERROR] WebSocket connection to 'ws://nbrs-fe.test/_next/webpack-hmr?id=CrR_K-aXncLg3Cnb6HSdk' failed: Error during WebSocket handshake: Unexpected response code: 403 @ http://nbrs-fe.test/_next/static/chunks/node_modules_next_dist_client_0r5nbpw._.js:13422
[  238935ms] [ERROR] WebSocket connection to 'ws://nbrs-fe.test/_next/webpack-hmr?id=CrR_K-aXncLg3Cnb6HSdk' failed: Error during WebSocket handshake: Unexpected response code: 403 @ http://nbrs-fe.test/_next/static/chunks/node_modules_next_dist_client_0r5nbpw._.js:13422
[  243951ms] [ERROR] WebSocket connection to 'ws://nbrs-fe.test/_next/webpack-hmr?id=CrR_K-aXncLg3Cnb6HSdk' failed: Error during WebSocket handshake: Unexpected response code: 403 @ http://nbrs-fe.test/_next/static/chunks/node_modules_next_dist_client_0r5nbpw._.js:13422
[  248958ms] [ERROR] WebSocket connection to 'ws://nbrs-fe.test/_next/webpack-hmr?id=CrR_K-aXncLg3Cnb6HSdk' failed: Error during WebSocket handshake: Unexpected response code: 403 @ http://nbrs-fe.test/_next/static/chunks/node_modules_next_dist_client_0r5nbpw._.js:13422
[  253977ms] [ERROR] WebSocket connection to 'ws://nbrs-fe.test/_next/webpack-hmr?id=CrR_K-aXncLg3Cnb6HSdk' failed: Error during WebSocket handshake: Unexpected response code: 403 @ http://nbrs-fe.test/_next/static/chunks/node_modules_next_dist_client_0r5nbpw._.js:13422
[  258984ms] [ERROR] WebSocket connection to 'ws://nbrs-fe.test/_next/webpack-hmr?id=CrR_K-aXncLg3Cnb6HSdk' failed: Error during WebSocket handshake: Unexpected response code: 403 @ http://nbrs-fe.test/_next/static/chunks/node_modules_next_dist_client_0r5nbpw._.js:13422
[  264005ms] [ERROR] WebSocket connection to 'ws://nbrs-fe.test/_next/webpack-hmr?id=CrR_K-aXncLg3Cnb6HSdk' failed: Error during WebSocket handshake: Unexpected response code: 403 @ http://nbrs-fe.test/_next/static/chunks/node_modules_next_dist_client_0r5nbpw._.js:13422
[  269019ms] [ERROR] WebSocket connection to 'ws://nbrs-fe.test/_next/webpack-hmr?id=CrR_K-aXncLg3Cnb6HSdk' failed: Error during WebSocket handshake: Unexpected response code: 403 @ http://nbrs-fe.test/_next/static/chunks/node_modules_next_dist_client_0r5nbpw._.js:13422
[  270111ms] [INFO] %cDownload the React DevTools for a better development experience: https://react.dev/link/react-devtools font-weight:bold @ http://nbrs-fe.test/_next/static/chunks/node_modules_next_dist_1ybzpk2._.js:2489
[  270145ms] [ERROR] WebSocket connection to 'ws://nbrs-fe.test/_next/webpack-hmr?id=7tEhF6m2Go21A9cUPV7rX' failed: Error during WebSocket handshake: Unexpected response code: 403 @ http://nbrs-fe.test/_next/static/chunks/node_modules_next_dist_client_0r5nbpw._.js:13422
[  271176ms] [ERROR] WebSocket connection to 'ws://nbrs-fe.test/_next/webpack-hmr?id=7tEhF6m2Go21A9cUPV7rX' failed: Error during WebSocket handshake: Unexpected response code: 403 @ http://nbrs-fe.test/_next/static/chunks/node_modules_next_dist_client_0r5nbpw._.js:13422
[  272217ms] [ERROR] WebSocket connection to 'ws://nbrs-fe.test/_next/webpack-hmr?id=7tEhF6m2Go21A9cUPV7rX' failed: Error during WebSocket handshake: Unexpected response code: 403 @ http://nbrs-fe.test/_next/static/chunks/node_modules_next_dist_client_0r5nbpw._.js:13422
[  273279ms] [ERROR] WebSocket connection to 'ws://nbrs-fe.test/_next/webpack-hmr?id=7tEhF6m2Go21A9cUPV7rX' failed: Error during WebSocket handshake: Unexpected response code: 403 @ http://nbrs-fe.test/_next/static/chunks/node_modules_next_dist_client_0r5nbpw._.js:13422
[  274346ms] [ERROR] WebSocket connection to 'ws://nbrs-fe.test/_next/webpack-hmr?id=7tEhF6m2Go21A9cUPV7rX' failed: Error during WebSocket handshake: Unexpected response code: 403 @ http://nbrs-fe.test/_next/static/chunks/node_modules_next_dist_client_0r5nbpw._.js:13422
[  275410ms] [ERROR] WebSocket connection to 'ws://nbrs-fe.test/_next/webpack-hmr?id=7tEhF6m2Go21A9cUPV7rX' failed: Error during WebSocket handshake: Unexpected response code: 403 @ http://nbrs-fe.test/_next/static/chunks/node_modules_next_dist_client_0r5nbpw._.js:13422
[  280548ms] [ERROR] WebSocket connection to 'ws://nbrs-fe.test/_next/webpack-hmr?id=7tEhF6m2Go21A9cUPV7rX' failed: Error during WebSocket handshake: Unexpected response code: 403 @ http://nbrs-fe.test/_next/static/chunks/node_modules_next_dist_client_0r5nbpw._.js:13422
[  286172ms] [ERROR] WebSocket connection to 'ws://nbrs-fe.test/_next/webpack-hmr?id=7tEhF6m2Go21A9cUPV7rX' failed: Error during WebSocket handshake: Unexpected response code: 403 @ http://nbrs-fe.test/_next/static/chunks/node_modules_next_dist_client_0r5nbpw._.js:13422
[  291977ms] [ERROR] WebSocket connection to 'ws://nbrs-fe.test/_next/webpack-hmr?id=7tEhF6m2Go21A9cUPV7rX' failed: Error during WebSocket handshake: Unexpected response code: 403 @ http://nbrs-fe.test/_next/static/chunks/node_modules_next_dist_client_0r5nbpw._.js:13422
[  297849ms] [ERROR] WebSocket connection to 'ws://nbrs-fe.test/_next/webpack-hmr?id=7tEhF6m2Go21A9cUPV7rX' failed: Error during WebSocket handshake: Unexpected response code: 403 @ http://nbrs-fe.test/_next/static/chunks/node_modules_next_dist_client_0r5nbpw._.js:13422
[  304801ms] [ERROR] WebSocket connection to 'ws://nbrs-fe.test/_next/webpack-hmr?id=7tEhF6m2Go21A9cUPV7rX' failed: Error during WebSocket handshake: Unexpected response code: 403 @ http://nbrs-fe.test/_next/static/chunks/node_modules_next_dist_client_0r5nbpw._.js:13422
[  313417ms] [ERROR] WebSocket connection to 'ws://nbrs-fe.test/_next/webpack-hmr?id=7tEhF6m2Go21A9cUPV7rX' failed: Error during WebSocket handshake: Unexpected response code: 403 @ http://nbrs-fe.test/_next/static/chunks/node_modules_next_dist_client_0r5nbpw._.js:13422
[  321534ms] [ERROR] WebSocket connection to 'ws://nbrs-fe.test/_next/webpack-hmr?id=7tEhF6m2Go21A9cUPV7rX' failed: Error during WebSocket handshake: Unexpected response code: 403 @ http://nbrs-fe.test/_next/static/chunks/node_modules_next_dist_client_0r5nbpw._.js:13422
[  322379ms] [INFO] %cDownload the React DevTools for a better development experience: https://react.dev/link/react-devtools font-weight:bold @ http://nbrs-fe.test/_next/static/chunks/node_modules_next_dist_1ybzpk2._.js:2489
[  325775ms] [ERROR] WebSocket connection to 'ws://nbrs-fe.test/_next/webpack-hmr?id=qmvY3FhClzBCzbvhQv94q' failed: Error during WebSocket handshake: Unexpected response code: 403 @ http://nbrs-fe.test/_next/static/chunks/node_modules_next_dist_client_0r5nbpw._.js:13422
[  329928ms] [ERROR] WebSocket connection to 'ws://nbrs-fe.test/_next/webpack-hmr?id=qmvY3FhClzBCzbvhQv94q' failed: Error during WebSocket handshake: Unexpected response code: 403 @ http://nbrs-fe.test/_next/static/chunks/node_modules_next_dist_client_0r5nbpw._.js:13422
[  332602ms] [ERROR] WebSocket connection to 'ws://nbrs-fe.test/_next/webpack-hmr?id=qmvY3FhClzBCzbvhQv94q' failed: Error during WebSocket handshake: Unexpected response code: 403 @ http://nbrs-fe.test/_next/static/chunks/node_modules_next_dist_client_0r5nbpw._.js:13422
[  335114ms] [ERROR] WebSocket connection to 'ws://nbrs-fe.test/_next/webpack-hmr?id=qmvY3FhClzBCzbvhQv94q' failed: Error during WebSocket handshake: Unexpected response code: 403 @ http://nbrs-fe.test/_next/static/chunks/node_modules_next_dist_client_0r5nbpw._.js:13422
[  337519ms] [ERROR] WebSocket connection to 'ws://nbrs-fe.test/_next/webpack-hmr?id=qmvY3FhClzBCzbvhQv94q' failed: Error during WebSocket handshake: Unexpected response code: 403 @ http://nbrs-fe.test/_next/static/chunks/node_modules_next_dist_client_0r5nbpw._.js:13422
[  340612ms] [ERROR] WebSocket connection to 'ws://nbrs-fe.test/_next/webpack-hmr?id=qmvY3FhClzBCzbvhQv94q' failed: Error during WebSocket handshake: Unexpected response code: 403 @ http://nbrs-fe.test/_next/static/chunks/node_modules_next_dist_client_0r5nbpw._.js:13422
[  348522ms] [ERROR] WebSocket connection to 'ws://nbrs-fe.test/_next/webpack-hmr?id=qmvY3FhClzBCzbvhQv94q' failed: Error during WebSocket handshake: Unexpected response code: 403 @ http://nbrs-fe.test/_next/static/chunks/node_modules_next_dist_client_0r5nbpw._.js:13422
[  356347ms] [ERROR] WebSocket connection to 'ws://nbrs-fe.test/_next/webpack-hmr?id=qmvY3FhClzBCzbvhQv94q' failed: Error during WebSocket handshake: Unexpected response code: 403 @ http://nbrs-fe.test/_next/static/chunks/node_modules_next_dist_client_0r5nbpw._.js:13422
[  363424ms] [ERROR] WebSocket connection to 'ws://nbrs-fe.test/_next/webpack-hmr?id=qmvY3FhClzBCzbvhQv94q' failed: Error during WebSocket handshake: Unexpected response code: 403 @ http://nbrs-fe.test/_next/static/chunks/node_modules_next_dist_client_0r5nbpw._.js:13422
[  368437ms] [ERROR] WebSocket connection to 'ws://nbrs-fe.test/_next/webpack-hmr?id=qmvY3FhClzBCzbvhQv94q' failed: Error during WebSocket handshake: Unexpected response code: 403 @ http://nbrs-fe.test/_next/static/chunks/node_modules_next_dist_client_0r5nbpw._.js:13422
[  373454ms] [ERROR] WebSocket connection to 'ws://nbrs-fe.test/_next/webpack-hmr?id=qmvY3FhClzBCzbvhQv94q' failed: Error during WebSocket handshake: Unexpected response code: 403 @ http://nbrs-fe.test/_next/static/chunks/node_modules_next_dist_client_0r5nbpw._.js:13422
[  378467ms] [ERROR] WebSocket connection to 'ws://nbrs-fe.test/_next/webpack-hmr?id=qmvY3FhClzBCzbvhQv94q' failed: Error during WebSocket handshake: Unexpected response code: 403 @ http://nbrs-fe.test/_next/static/chunks/node_modules_next_dist_client_0r5nbpw._.js:13422
[  383488ms] [ERROR] WebSocket connection to 'ws://nbrs-fe.test/_next/webpack-hmr?id=qmvY3FhClzBCzbvhQv94q' failed: Error during WebSocket handshake: Unexpected response code: 403 @ http://nbrs-fe.test/_next/static/chunks/node_modules_next_dist_client_0r5nbpw._.js:13422
[  384447ms] [INFO] %cDownload the React DevTools for a better development experience: https://react.dev/link/react-devtools font-weight:bold @ http://nbrs-fe.test/_next/static/chunks/node_modules_next_dist_1ybzpk2._.js:2489
[  384478ms] [ERROR] WebSocket connection to 'ws://nbrs-fe.test/_next/webpack-hmr?id=PeQp_z0pzFTSVkw3wyMqF' failed: Error during WebSocket handshake: Unexpected response code: 403 @ http://nbrs-fe.test/_next/static/chunks/node_modules_next_dist_client_0r5nbpw._.js:13422
[  385497ms] [ERROR] WebSocket connection to 'ws://nbrs-fe.test/_next/webpack-hmr?id=PeQp_z0pzFTSVkw3wyMqF' failed: Error during WebSocket handshake: Unexpected response code: 403 @ http://nbrs-fe.test/_next/static/chunks/node_modules_next_dist_client_0r5nbpw._.js:13422
[  386526ms] [ERROR] WebSocket connection to 'ws://nbrs-fe.test/_next/webpack-hmr?id=PeQp_z0pzFTSVkw3wyMqF' failed: Error during WebSocket handshake: Unexpected response code: 403 @ http://nbrs-fe.test/_next/static/chunks/node_modules_next_dist_client_0r5nbpw._.js:13422
[  387555ms] [ERROR] WebSocket connection to 'ws://nbrs-fe.test/_next/webpack-hmr?id=PeQp_z0pzFTSVkw3wyMqF' failed: Error during WebSocket handshake: Unexpected response code: 403 @ http://nbrs-fe.test/_next/static/chunks/node_modules_next_dist_client_0r5nbpw._.js:13422
[  388597ms] [ERROR] WebSocket connection to 'ws://nbrs-fe.test/_next/webpack-hmr?id=PeQp_z0pzFTSVkw3wyMqF' failed: Error during WebSocket handshake: Unexpected response code: 403 @ http://nbrs-fe.test/_next/static/chunks/node_modules_next_dist_client_0r5nbpw._.js:13422
[  389643ms] [ERROR] WebSocket connection to 'ws://nbrs-fe.test/_next/webpack-hmr?id=PeQp_z0pzFTSVkw3wyMqF' failed: Error during WebSocket handshake: Unexpected response code: 403 @ http://nbrs-fe.test/_next/static/chunks/node_modules_next_dist_client_0r5nbpw._.js:13422
[  394697ms] [ERROR] WebSocket connection to 'ws://nbrs-fe.test/_next/webpack-hmr?id=PeQp_z0pzFTSVkw3wyMqF' failed: Error during WebSocket handshake: Unexpected response code: 403 @ http://nbrs-fe.test/_next/static/chunks/node_modules_next_dist_client_0r5nbpw._.js:13422
[  399828ms] [ERROR] WebSocket connection to 'ws://nbrs-fe.test/_next/webpack-hmr?id=PeQp_z0pzFTSVkw3wyMqF' failed: Error during WebSocket handshake: Unexpected response code: 403 @ http://nbrs-fe.test/_next/static/chunks/node_modules_next_dist_client_0r5nbpw._.js:13422
[  405110ms] [ERROR] WebSocket connection to 'ws://nbrs-fe.test/_next/webpack-hmr?id=PeQp_z0pzFTSVkw3wyMqF' failed: Error during WebSocket handshake: Unexpected response code: 403 @ http://nbrs-fe.test/_next/static/chunks/node_modules_next_dist_client_0r5nbpw._.js:13422
[  410330ms] [ERROR] WebSocket connection to 'ws://nbrs-fe.test/_next/webpack-hmr?id=PeQp_z0pzFTSVkw3wyMqF' failed: Error during WebSocket handshake: Unexpected response code: 403 @ http://nbrs-fe.test/_next/static/chunks/node_modules_next_dist_client_0r5nbpw._.js:13422
[  415983ms] [ERROR] WebSocket connection to 'ws://nbrs-fe.test/_next/webpack-hmr?id=PeQp_z0pzFTSVkw3wyMqF' failed: Error during WebSocket handshake: Unexpected response code: 403 @ http://nbrs-fe.test/_next/static/chunks/node_modules_next_dist_client_0r5nbpw._.js:13422
[  423488ms] [ERROR] WebSocket connection to 'ws://nbrs-fe.test/_next/webpack-hmr?id=PeQp_z0pzFTSVkw3wyMqF' failed: Error during WebSocket handshake: Unexpected response code: 403 @ http://nbrs-fe.test/_next/static/chunks/node_modules_next_dist_client_0r5nbpw._.js:13422
[  431019ms] [ERROR] WebSocket connection to 'ws://nbrs-fe.test/_next/webpack-hmr?id=PeQp_z0pzFTSVkw3wyMqF' failed: Error during WebSocket handshake: Unexpected response code: 403 @ http://nbrs-fe.test/_next/static/chunks/node_modules_next_dist_client_0r5nbpw._.js:13422
[  432095ms] [INFO] %cDownload the React DevTools for a better development experience: https://react.dev/link/react-devtools font-weight:bold @ http://nbrs-fe.test/_next/static/chunks/node_modules_next_dist_1ybzpk2._.js:2489
[  434804ms] [ERROR] WebSocket connection to 'ws://nbrs-fe.test/_next/webpack-hmr?id=hJCeJbWMtF2DNYKAl6eEs' failed: Error during WebSocket handshake: Unexpected response code: 403 @ http://nbrs-fe.test/_next/static/chunks/node_modules_next_dist_client_0r5nbpw._.js:13422
[  438995ms] [ERROR] WebSocket connection to 'ws://nbrs-fe.test/_next/webpack-hmr?id=hJCeJbWMtF2DNYKAl6eEs' failed: Error during WebSocket handshake: Unexpected response code: 403 @ http://nbrs-fe.test/_next/static/chunks/node_modules_next_dist_client_0r5nbpw._.js:13422
[  444640ms] [ERROR] WebSocket connection to 'ws://nbrs-fe.test/_next/webpack-hmr?id=hJCeJbWMtF2DNYKAl6eEs' failed: Error during WebSocket handshake: Unexpected response code: 403 @ http://nbrs-fe.test/_next/static/chunks/node_modules_next_dist_client_0r5nbpw._.js:13422
[  447082ms] [ERROR] WebSocket connection to 'ws://nbrs-fe.test/_next/webpack-hmr?id=hJCeJbWMtF2DNYKAl6eEs' failed: Error during WebSocket handshake: Unexpected response code: 403 @ http://nbrs-fe.test/_next/static/chunks/node_modules_next_dist_client_0r5nbpw._.js:13422
[  450076ms] [ERROR] WebSocket connection to 'ws://nbrs-fe.test/_next/webpack-hmr?id=hJCeJbWMtF2DNYKAl6eEs' failed: Error during WebSocket handshake: Unexpected response code: 403 @ http://nbrs-fe.test/_next/static/chunks/node_modules_next_dist_client_0r5nbpw._.js:13422
[  454535ms] [ERROR] WebSocket connection to 'ws://nbrs-fe.test/_next/webpack-hmr?id=hJCeJbWMtF2DNYKAl6eEs' failed: Error during WebSocket handshake: Unexpected response code: 403 @ http://nbrs-fe.test/_next/static/chunks/node_modules_next_dist_client_0r5nbpw._.js:13422
[  462215ms] [ERROR] WebSocket connection to 'ws://nbrs-fe.test/_next/webpack-hmr?id=hJCeJbWMtF2DNYKAl6eEs' failed: Error during WebSocket handshake: Unexpected response code: 403 @ http://nbrs-fe.test/_next/static/chunks/node_modules_next_dist_client_0r5nbpw._.js:13422
[  469920ms] [ERROR] WebSocket connection to 'ws://nbrs-fe.test/_next/webpack-hmr?id=hJCeJbWMtF2DNYKAl6eEs' failed: Error during WebSocket handshake: Unexpected response code: 403 @ http://nbrs-fe.test/_next/static/chunks/node_modules_next_dist_client_0r5nbpw._.js:13422
[  476523ms] [ERROR] WebSocket connection to 'ws://nbrs-fe.test/_next/webpack-hmr?id=hJCeJbWMtF2DNYKAl6eEs' failed: Error during WebSocket handshake: Unexpected response code: 403 @ http://nbrs-fe.test/_next/static/chunks/node_modules_next_dist_client_0r5nbpw._.js:13422
[  484357ms] [ERROR] WebSocket connection to 'ws://nbrs-fe.test/_next/webpack-hmr?id=hJCeJbWMtF2DNYKAl6eEs' failed: Error during WebSocket handshake: Unexpected response code: 403 @ http://nbrs-fe.test/_next/static/chunks/node_modules_next_dist_client_0r5nbpw._.js:13422
[  491401ms] [ERROR] WebSocket connection to 'ws://nbrs-fe.test/_next/webpack-hmr?id=hJCeJbWMtF2DNYKAl6eEs' failed: Error during WebSocket handshake: Unexpected response code: 503 @ http://nbrs-fe.test/_next/static/chunks/node_modules_next_dist_client_0r5nbpw._.js:13422
[  498431ms] [ERROR] WebSocket connection to 'ws://nbrs-fe.test/_next/webpack-hmr?id=hJCeJbWMtF2DNYKAl6eEs' failed: Error during WebSocket handshake: Unexpected response code: 503 @ http://nbrs-fe.test/_next/static/chunks/node_modules_next_dist_client_0r5nbpw._.js:13422
[  505465ms] [ERROR] WebSocket connection to 'ws://nbrs-fe.test/_next/webpack-hmr?id=hJCeJbWMtF2DNYKAl6eEs' failed: Error during WebSocket handshake: Unexpected response code: 503 @ http://nbrs-fe.test/_next/static/chunks/node_modules_next_dist_client_0r5nbpw._.js:13422
[  507515ms] [ERROR] Failed to load resource: the server responded with a status of 503 (Service Unavailable) @ http://nbrs-fe.test/:0
[  509583ms] [ERROR] Failed to load resource: the server responded with a status of 503 (Service Unavailable) @ http://nbrs-fe.test/favicon.ico:0
